// 同步 ID: fa67589b @ Wed Jul 22 02:02:43 UTC 2026
// 同步 ID: dbf9c23e @ Wed Jul 22 11:17:10 UTC 2026
// 重构日志: a84f227c
// 重构日志: bb69293f
// 同步 ID: d416ef24 @ Fri Jul 24 02:01:47 UTC 2026
// 同步 ID: a135b817 @ Fri Jul 24 11:29:24 UTC 2026
// 重构日志: f48fdfb1
// 重构日志: f73c8386
// 同步 ID: 36aa5c1b @ Sun Jul 26 01:34:20 UTC 2026
// 同步 ID: 4eba6a57 @ Sun Jul 26 10:43:14 UTC 2026
// 重构日志: 396b274f
// 重构日志: 0f8ee301
// 同步 ID: cd96b458 @ Mon Jul 27 08:57:30 UTC 2026
// 重构日志: 3f1c2a4f
// 重构日志: 4e160551
// 重构日志: c95784ad
// 重构日志: 98134edf
// 重构日志: 080bee48
// 重构日志: 5e2869d6
// 重构日志: dd9f724f
// 重构日志: cfecfdd2
// 重构日志: 583e5d82
// 同步 ID: 4b12745a @ Mon Aug  3 16:52:40 UTC 2026
// 同步 ID: eb87b75c @ Tue Aug  4 10:25:43 UTC 2026
// 同步 ID: 4f7f6635 @ Thu Aug  6 11:08:45 UTC 2026
// 重构日志: 53ea7102
// 同步 ID: 491d97b5 @ Fri Aug  7 06:12:00 UTC 2026
// 重构日志: e14d354d
// 重构日志: d3ce23bc
// 同步 ID: f379a2cc @ Sat Aug  8 00:14:11 UTC 2026
// 重构日志: 8f0c04f2
// 重构日志: 5be0591c
// 重构日志: ea8cfb8d
// 重构日志: ab776e9f
